Release 14.7 - xst P.20131013 (nt64)
Copyright (c) 1995-2013 Xilinx, Inc.  All rights reserved.
--> Parameter TMPDIR set to xst/projnav.tmp


Total REAL time to Xst completion: 0.00 secs
Total CPU time to Xst completion: 0.17 secs
 
--> Parameter xsthdpdir set to xst


Total REAL time to Xst completion: 0.00 secs
Total CPU time to Xst completion: 0.17 secs
 
--> Reading design: TrafficController.prj

TABLE OF CONTENTS
  1) Synthesis Options Summary
  2) HDL Compilation
  3) Design Hierarchy Analysis
  4) HDL Analysis
  5) HDL Synthesis
     5.1) HDL Synthesis Report
  6) Advanced HDL Synthesis
     6.1) Advanced HDL Synthesis Report
  7) Low Level Synthesis
  8) Partition Report
  9) Final Report
	9.1) Device utilization summary
	9.2) Partition Resource Summary
	9.3) TIMING REPORT


=========================================================================
*                      Synthesis Options Summary                        *
=========================================================================
---- Source Parameters
Input File Name                    : "TrafficController.prj"
Input Format                       : mixed
Ignore Synthesis Constraint File   : NO

---- Target Parameters
Output File Name                   : "TrafficController"
Output Format                      : NGC
Target Device                      : xc3s500e-4-fg320

---- Source Options
Top Module Name                    : TrafficController
Automatic FSM Extraction           : YES
FSM Encoding Algorithm             : Auto
Safe Implementation                : No
FSM Style                          : LUT
RAM Extraction                     : Yes
RAM Style                          : Auto
ROM Extraction                     : Yes
Mux Style                          : Auto
Decoder Extraction                 : YES
Priority Encoder Extraction        : Yes
Shift Register Extraction          : YES
Logical Shifter Extraction         : YES
XOR Collapsing                     : YES
ROM Style                          : Auto
Mux Extraction                     : Yes
Resource Sharing                   : YES
Asynchronous To Synchronous        : NO
Multiplier Style                   : Auto
Automatic Register Balancing       : No

---- Target Options
Add IO Buffers                     : YES
Global Maximum Fanout              : 100000
Add Generic Clock Buffer(BUFG)     : 24
Register Duplication               : YES
Slice Packing                      : YES
Optimize Instantiated Primitives   : NO
Use Clock Enable                   : Yes
Use Synchronous Set                : Yes
Use Synchronous Reset              : Yes
Pack IO Registers into IOBs        : Auto
Equivalent register Removal        : YES

---- General Options
Optimization Goal                  : Speed
Optimization Effort                : 1
Keep Hierarchy                     : No
Netlist Hierarchy                  : As_Optimized
RTL Output                         : Yes
Global Optimization                : AllClockNets
Read Cores                         : YES
Write Timing Constraints           : NO
Cross Clock Analysis               : NO
Hierarchy Separator                : /
Bus Delimiter                      : <>
Case Specifier                     : Maintain
Slice Utilization Ratio            : 100
BRAM Utilization Ratio             : 100
Verilog 2001                       : YES
Auto BRAM Packing                  : NO
Slice Utilization Ratio Delta      : 5

=========================================================================


=========================================================================
*                          HDL Compilation                              *
=========================================================================
Compiling verilog file "synchronizer_core.v" in library work
Compiling verilog file "debouncer_core.v" in library work
Module <synchronizer_core> compiled
Compiling verilog file "WalkRegister.v" in library work
Module <debouncer_core> compiled
Compiling verilog file "Timer.v" in library work
Module <WalkRegister> compiled
Compiling verilog file "TimeParameters.v" in library work
Module <Timer> compiled
Compiling verilog file "Synchronizer.v" in library work
Module <TimeParameters> compiled
Compiling verilog file "Lights.v" in library work
Module <Synchronizer> compiled
Compiling verilog file "FSM.v" in library work
Module <Lights> compiled
Compiling verilog file "Divider.v" in library work
Module <FSM> compiled
Compiling verilog file "Debouncer.v" in library work
Module <Divider> compiled
Compiling verilog file "TrafficController.v" in library work
Module <Debouncer> compiled
Module <TrafficController> compiled
No errors in compilation
Analysis of file <"TrafficController.prj"> succeeded.
 

=========================================================================
*                     Design Hierarchy Analysis                         *
=========================================================================
Analyzing hierarchy for module <TrafficController> in library <work>.

Analyzing hierarchy for module <Debouncer> in library <work>.

Analyzing hierarchy for module <Synchronizer> in library <work>.

Analyzing hierarchy for module <WalkRegister> in library <work>.

Analyzing hierarchy for module <TimeParameters> in library <work> with parameters.
	BASE_ADD = "00"
	BASE_DEFAULT = "0110"
	EXTD_ADD = "01"
	EXTD_DEFAULT = "0011"
	YELL_ADD = "10"
	YELL_DEFAULT = "0010"

Analyzing hierarchy for module <Timer> in library <work>.

Analyzing hierarchy for module <Divider> in library <work> with parameters.
	one_second_count = "0000000000000000000000011"

Analyzing hierarchy for module <Lights> in library <work>.

Analyzing hierarchy for module <FSM> in library <work> with parameters.
	BASE_ADD = "00"
	CONT_MAIN_GREEN_NO_TRAFFIC = "00000000000000000000000000000001"
	CONT_MAIN_GREEN_TRAFFIC = "00000000000000000000000000000010"
	CONT_SIDE_GREEN_TRAFFIC = "00000000000000000000000000000110"
	EXT_ADD = "01"
	MAIN_YELLOW = "00000000000000000000000000000011"
	PEDESTRIAN_WALK = "00000000000000000000000000000100"
	SIDE_YELLOW = "00000000000000000000000000000111"
	START_MAIN_GREEN = "00000000000000000000000000000000"
	START_SIDE_GREEN = "00000000000000000000000000000101"
	YEL_ADD = "10"

Analyzing hierarchy for module <debouncer_core> in library <work> with parameters.
	DELAY = "00000000000001000001111010110000"

Analyzing hierarchy for module <synchronizer_core> in library <work> with parameters.
	NSYNC = "00000000000000000000000000000010"


=========================================================================
*                            HDL Analysis                               *
=========================================================================
Analyzing top module <TrafficController>.
Module <TrafficController> is correct for synthesis.
 
Analyzing module <Debouncer> in library <work>.
Module <Debouncer> is correct for synthesis.
 
Analyzing module <debouncer_core> in library <work>.
	DELAY = 32'sb00000000000001000001111010110000
Module <debouncer_core> is correct for synthesis.
 
Analyzing module <Synchronizer> in library <work>.
Module <Synchronizer> is correct for synthesis.
 
Analyzing module <synchronizer_core> in library <work>.
	NSYNC = 32'sb00000000000000000000000000000010
Module <synchronizer_core> is correct for synthesis.
 
Analyzing module <WalkRegister> in library <work>.
Module <WalkRegister> is correct for synthesis.
 
Analyzing module <TimeParameters> in library <work>.
	BASE_ADD = 2'b00
	BASE_DEFAULT = 4'b0110
	EXTD_ADD = 2'b01
	EXTD_DEFAULT = 4'b0011
	YELL_ADD = 2'b10
	YELL_DEFAULT = 4'b0010
WARNING:Xst:1465 - "TimeParameters.v" line 58: Exactly not equal expression will be synthesized as a not equal expression, simulation mismatch is possible. 
WARNING:Xst:1465 - "TimeParameters.v" line 59: Exactly not equal expression will be synthesized as a not equal expression, simulation mismatch is possible. 
WARNING:Xst:1465 - "TimeParameters.v" line 60: Exactly not equal expression will be synthesized as a not equal expression, simulation mismatch is possible. 
Module <TimeParameters> is correct for synthesis.
 
Analyzing module <Timer> in library <work>.
Module <Timer> is correct for synthesis.
 
Analyzing module <Divider> in library <work>.
	one_second_count = 25'b0000000000000000000000011
Module <Divider> is correct for synthesis.
 
Analyzing module <Lights> in library <work>.
Module <Lights> is correct for synthesis.
 
Analyzing module <FSM> in library <work>.
	BASE_ADD = 2'b00
	CONT_MAIN_GREEN_NO_TRAFFIC = 32'sb00000000000000000000000000000001
	CONT_MAIN_GREEN_TRAFFIC = 32'sb00000000000000000000000000000010
	CONT_SIDE_GREEN_TRAFFIC = 32'sb00000000000000000000000000000110
	EXT_ADD = 2'b01
	MAIN_YELLOW = 32'sb00000000000000000000000000000011
	PEDESTRIAN_WALK = 32'sb00000000000000000000000000000100
	SIDE_YELLOW = 32'sb00000000000000000000000000000111
	START_MAIN_GREEN = 32'sb00000000000000000000000000000000
	START_SIDE_GREEN = 32'sb00000000000000000000000000000101
	YEL_ADD = 2'b10
"FSM.v" line 91: $display : ok?
"FSM.v" line 99: $display : ok ok
Module <FSM> is correct for synthesis.
 

=========================================================================
*                           HDL Synthesis                               *
=========================================================================

Performing bidirectional port resolution...

Synthesizing Unit <WalkRegister>.
    Related source file is "WalkRegister.v".
    Found 1-bit register for signal <walkRegister_status>.
    Summary:
	inferred   1 D-type flip-flop(s).
Unit <WalkRegister> synthesized.


Synthesizing Unit <TimeParameters>.
    Related source file is "TimeParameters.v".
    Found 4-bit register for signal <output_value>.
    Found 4-bit register for signal <BASE_VALUE>.
    Found 4-bit 4-to-1 multiplexer for signal <BASE_VALUE$mux0000> created at line 56.
    Found 4-bit register for signal <EXTD_VALUE>.
    Found 4-bit 4-to-1 multiplexer for signal <EXTD_VALUE$mux0000> created at line 56.
    Found 4-bit 4-to-1 multiplexer for signal <output_value$mux0000> created at line 75.
    Found 4-bit register for signal <YELL_VALUE>.
    Found 4-bit 4-to-1 multiplexer for signal <YELL_VALUE$mux0000> created at line 56.
    Summary:
	inferred  16 D-type flip-flop(s).
	inferred  16 Multiplexer(s).
Unit <TimeParameters> synthesized.


Synthesizing Unit <Timer>.
    Related source file is "Timer.v".
    Found 1-bit register for signal <expired>.
    Found 1-bit register for signal <divider_reset>.
    Found 4-bit down counter for signal <remaining_time>.
    Summary:
	inferred   1 Counter(s).
	inferred   2 D-type flip-flop(s).
Unit <Timer> synthesized.


Synthesizing Unit <Divider>.
    Related source file is "Divider.v".
    Found 1-bit register for signal <enable_output>.
    Found 25-bit up counter for signal <sys_tick_count>.
    Summary:
	inferred   1 Counter(s).
	inferred   1 D-type flip-flop(s).
Unit <Divider> synthesized.


Synthesizing Unit <Lights>.
    Related source file is "Lights.v".
Unit <Lights> synthesized.


Synthesizing Unit <FSM>.
    Related source file is "FSM.v".
    Found 7-bit register for signal <light_signals>.
    Found 1-bit register for signal <start_timer>.
    Found 2-bit register for signal <interval_address>.
    Found 1-bit register for signal <walkRegister_reset>.
    Found 3-bit register for signal <state>.
    Summary:
	inferred  14 D-type flip-flop(s).
Unit <FSM> synthesized.


Synthesizing Unit <debouncer_core>.
    Related source file is "debouncer_core.v".
    Found 1-bit register for signal <clean>.
    Found 19-bit up counter for signal <count>.
    Found 1-bit xor2 for signal <count$xor0000> created at line 37.
    Found 1-bit register for signal <new>.
    Summary:
	inferred   1 Counter(s).
	inferred   2 D-type flip-flop(s).
Unit <debouncer_core> synthesized.


Synthesizing Unit <synchronizer_core>.
    Related source file is "synchronizer_core.v".
    Found 1-bit register for signal <out>.
    Found 1-bit register for signal <sync<0>>.
    Summary:
	inferred   2 D-type flip-flop(s).
Unit <synchronizer_core> synthesized.


Synthesizing Unit <Debouncer>.
    Related source file is "Debouncer.v".
WARNING:Xst:1305 - Output <reset_db_out> is never assigned. Tied to value 0.
WARNING:Xst:646 - Signal <reset_out> is assigned but never used. This unconnected signal will be trimmed during the optimization process.
Unit <Debouncer> synthesized.


Synthesizing Unit <Synchronizer>.
    Related source file is "Synchronizer.v".
Unit <Synchronizer> synthesized.


Synthesizing Unit <TrafficController>.
    Related source file is "TrafficController.v".
Unit <TrafficController> synthesized.


=========================================================================
HDL Synthesis Report

Macro Statistics
# Counters                                             : 5
 19-bit up counter                                     : 3
 25-bit up counter                                     : 1
 4-bit down counter                                    : 1
# Registers                                            : 27
 1-bit register                                        : 20
 2-bit register                                        : 1
 3-bit register                                        : 1
 4-bit register                                        : 4
 7-bit register                                        : 1
# Multiplexers                                         : 4
 4-bit 4-to-1 multiplexer                              : 4
# Xors                                                 : 3
 1-bit xor2                                            : 3

=========================================================================

=========================================================================
*                       Advanced HDL Synthesis                          *
=========================================================================

WARNING:Xst:1290 - Hierarchical block <reset_debouncer> is unconnected in block <debouncer>.
   It will be removed from the design.
WARNING:Xst:1710 - FF/Latch <sync_0> (without init value) has a constant value of 0 in block <reset_synchronizer>. This FF/Latch will be trimmed during the optimization process.
WARNING:Xst:1895 - Due to other FF/Latch trimming, FF/Latch <out> (without init value) has a constant value of 0 in block <reset_synchronizer>. This FF/Latch will be trimmed during the optimization process.
WARNING:Xst:2677 - Node <light_signals_1> of sequential type is unconnected in block <fsm>.
WARNING:Xst:2677 - Node <light_signals_2> of sequential type is unconnected in block <fsm>.
WARNING:Xst:2677 - Node <light_signals_3> of sequential type is unconnected in block <fsm>.
WARNING:Xst:2677 - Node <light_signals_4> of sequential type is unconnected in block <fsm>.
WARNING:Xst:2677 - Node <light_signals_5> of sequential type is unconnected in block <fsm>.
WARNING:Xst:2677 - Node <light_signals_6> of sequential type is unconnected in block <fsm>.

=========================================================================
Advanced HDL Synthesis Report

Macro Statistics
# Counters                                             : 5
 19-bit up counter                                     : 3
 25-bit up counter                                     : 1
 4-bit down counter                                    : 1
# Registers                                            : 48
 Flip-Flops                                            : 48
# Multiplexers                                         : 4
 4-bit 4-to-1 multiplexer                              : 4
# Xors                                                 : 3
 1-bit xor2                                            : 3

=========================================================================

=========================================================================
*                         Low Level Synthesis                           *
=========================================================================
WARNING:Xst:1710 - FF/Latch <synchronizer/reset_synchronizer/sync_0> (without init value) has a constant value of 0 in block <TrafficController>. This FF/Latch will be trimmed during the optimization process.
WARNING:Xst:1895 - Due to other FF/Latch trimming, FF/Latch <synchronizer/reset_synchronizer/out> (without init value) has a constant value of 0 in block <TrafficController>. This FF/Latch will be trimmed during the optimization process.

Optimizing unit <TrafficController> ...

Optimizing unit <TimeParameters> ...

Optimizing unit <Timer> ...

Optimizing unit <FSM> ...

Optimizing unit <debouncer_core> ...
WARNING:Xst:2677 - Node <fsm/light_signals_6> of sequential type is unconnected in block <TrafficController>.
WARNING:Xst:2677 - Node <fsm/light_signals_5> of sequential type is unconnected in block <TrafficController>.
WARNING:Xst:2677 - Node <fsm/light_signals_4> of sequential type is unconnected in block <TrafficController>.
WARNING:Xst:2677 - Node <fsm/light_signals_3> of sequential type is unconnected in block <TrafficController>.
WARNING:Xst:2677 - Node <fsm/light_signals_2> of sequential type is unconnected in block <TrafficController>.
WARNING:Xst:2677 - Node <fsm/light_signals_1> of sequential type is unconnected in block <TrafficController>.
WARNING:Xst:2677 - Node <debouncer/reset_debouncer/count_18> of sequential type is unconnected in block <TrafficController>.
WARNING:Xst:2677 - Node <debouncer/reset_debouncer/count_17> of sequential type is unconnected in block <TrafficController>.
WARNING:Xst:2677 - Node <debouncer/reset_debouncer/count_16> of sequential type is unconnected in block <TrafficController>.
WARNING:Xst:2677 - Node <debouncer/reset_debouncer/count_15> of sequential type is unconnected in block <TrafficController>.
WARNING:Xst:2677 - Node <debouncer/reset_debouncer/count_14> of sequential type is unconnected in block <TrafficController>.
WARNING:Xst:2677 - Node <debouncer/reset_debouncer/count_13> of sequential type is unconnected in block <TrafficController>.
WARNING:Xst:2677 - Node <debouncer/reset_debouncer/count_12> of sequential type is unconnected in block <TrafficController>.
WARNING:Xst:2677 - Node <debouncer/reset_debouncer/count_11> of sequential type is unconnected in block <TrafficController>.
WARNING:Xst:2677 - Node <debouncer/reset_debouncer/count_10> of sequential type is unconnected in block <TrafficController>.
WARNING:Xst:2677 - Node <debouncer/reset_debouncer/count_9> of sequential type is unconnected in block <TrafficController>.
WARNING:Xst:2677 - Node <debouncer/reset_debouncer/count_8> of sequential type is unconnected in block <TrafficController>.
WARNING:Xst:2677 - Node <debouncer/reset_debouncer/count_7> of sequential type is unconnected in block <TrafficController>.
WARNING:Xst:2677 - Node <debouncer/reset_debouncer/count_6> of sequential type is unconnected in block <TrafficController>.
WARNING:Xst:2677 - Node <debouncer/reset_debouncer/count_5> of sequential type is unconnected in block <TrafficController>.
WARNING:Xst:2677 - Node <debouncer/reset_debouncer/count_4> of sequential type is unconnected in block <TrafficController>.
WARNING:Xst:2677 - Node <debouncer/reset_debouncer/count_3> of sequential type is unconnected in block <TrafficController>.
WARNING:Xst:2677 - Node <debouncer/reset_debouncer/count_2> of sequential type is unconnected in block <TrafficController>.
WARNING:Xst:2677 - Node <debouncer/reset_debouncer/count_1> of sequential type is unconnected in block <TrafficController>.
WARNING:Xst:2677 - Node <debouncer/reset_debouncer/count_0> of sequential type is unconnected in block <TrafficController>.
WARNING:Xst:2677 - Node <debouncer/reset_debouncer/clean> of sequential type is unconnected in block <TrafficController>.
WARNING:Xst:2677 - Node <debouncer/reset_debouncer/new> of sequential type is unconnected in block <TrafficController>.

Mapping all equations...
Building and optimizing final netlist ...
Found area constraint ratio of 100 (+ 5) on block TrafficController, actual ratio is 1.

Final Macro Processing ...

Processing Unit <TrafficController> :
	Found 2-bit shift register for signal <synchronizer/walkRequest_synchronizer/out>.
	Found 2-bit shift register for signal <synchronizer/reprogram_synchronizer/out>.
	Found 2-bit shift register for signal <synchronizer/sensor_synchronizer/out>.
Unit <TrafficController> processed.

=========================================================================
Final Register Report

Macro Statistics
# Registers                                            : 99
 Flip-Flops                                            : 99
# Shift Registers                                      : 3
 2-bit shift register                                  : 3

=========================================================================

=========================================================================
*                           Partition Report                            *
=========================================================================

Partition Implementation Status
-------------------------------

  No Partitions were found in this design.

-------------------------------

=========================================================================
*                            Final Report                               *
=========================================================================
Final Results
RTL Top Level Output File Name     : TrafficController.ngr
Top Level Output File Name         : TrafficController
Output Format                      : NGC
Optimization Goal                  : Speed
Keep Hierarchy                     : No

Design Statistics
# IOs                              : 18

Cell Usage :
# BELS                             : 277
#      GND                         : 1
#      INV                         : 9
#      LUT1                        : 60
#      LUT2                        : 8
#      LUT3                        : 17
#      LUT4                        : 39
#      MUXCY                       : 77
#      MUXF5                       : 2
#      VCC                         : 1
#      XORCY                       : 63
# FlipFlops/Latches                : 102
#      FD                          : 3
#      FDE                         : 9
#      FDR                         : 28
#      FDRE                        : 55
#      FDS                         : 2
#      FDSE                        : 5
# Shift Registers                  : 3
#      SRL16                       : 3
# Clock Buffers                    : 1
#      BUFGP                       : 1
# IO Buffers                       : 16
#      IBUF                        : 9
#      OBUF                        : 7
=========================================================================

Device utilization summary:
---------------------------

Selected Device : 3s500efg320-4 

 Number of Slices:                       71  out of   4656     1%  
 Number of Slice Flip Flops:            102  out of   9312     1%  
 Number of 4 input LUTs:                136  out of   9312     1%  
    Number used as logic:               133
    Number used as Shift registers:       3
 Number of IOs:                          18
 Number of bonded IOBs:                  17  out of    232     7%  
 Number of GCLKs:                         1  out of     24     4%  

---------------------------
Partition Resource Summary:
---------------------------

  No Partitions were found in this design.

---------------------------


=========================================================================
TIMING REPORT

NOTE: THESE TIMING NUMBERS ARE ONLY A SYNTHESIS ESTIMATE.
      FOR ACCURATE TIMING INFORMATION PLEASE REFER TO THE TRACE REPORT
      GENERATED AFTER PLACE-and-ROUTE.

Clock Information:
------------------
-----------------------------------+------------------------+-------+
Clock Signal                       | Clock buffer(FF name)  | Load  |
-----------------------------------+------------------------+-------+
clk                                | BUFGP                  | 105   |
-----------------------------------+------------------------+-------+

Asynchronous Control Signals Information:
----------------------------------------
No asynchronous control signals found in this design

Timing Summary:
---------------
Speed Grade: -4

   Minimum period: 6.477ns (Maximum Frequency: 154.392MHz)
   Minimum input arrival time before clock: 4.545ns
   Maximum output required time after clock: 4.283ns
   Maximum combinational path delay: No path found

Timing Detail:
--------------
All values displayed in nanoseconds (ns)

=========================================================================
Timing constraint: Default period analysis for Clock 'clk'
  Clock period: 6.477ns (frequency: 154.392MHz)
  Total number of paths / destination ports: 2324 / 241
-------------------------------------------------------------------------
Delay:               6.477ns (Levels of Logic = 8)
  Source:            divider/sys_tick_count_9 (FF)
  Destination:       divider/sys_tick_count_0 (FF)
  Source Clock:      clk rising
  Destination Clock: clk rising

  Data Path: divider/sys_tick_count_9 to divider/sys_tick_count_0
                                Gate     Net
    Cell:in->out      fanout   Delay   Delay  Logical Name (Net Name)
    ----------------------------------------  ------------
     FDR:C->Q              2   0.591   0.622  divider/sys_tick_count_9 (divider/sys_tick_count_9)
     LUT4:I0->O            1   0.704   0.000  divider/enable_output_cmp_eq0000_wg_lut<1> (divider/enable_output_cmp_eq0000_wg_lut<1>)
     MUXCY:S->O            1   0.464   0.000  divider/enable_output_cmp_eq0000_wg_cy<1> (divider/enable_output_cmp_eq0000_wg_cy<1>)
     MUXCY:CI->O           1   0.059   0.000  divider/enable_output_cmp_eq0000_wg_cy<2> (divider/enable_output_cmp_eq0000_wg_cy<2>)
     MUXCY:CI->O           1   0.059   0.000  divider/enable_output_cmp_eq0000_wg_cy<3> (divider/enable_output_cmp_eq0000_wg_cy<3>)
     MUXCY:CI->O           1   0.059   0.000  divider/enable_output_cmp_eq0000_wg_cy<4> (divider/enable_output_cmp_eq0000_wg_cy<4>)
     MUXCY:CI->O           1   0.059   0.000  divider/enable_output_cmp_eq0000_wg_cy<5> (divider/enable_output_cmp_eq0000_wg_cy<5>)
     MUXCY:CI->O           2   0.459   0.526  divider/enable_output_cmp_eq0000_wg_cy<6> (divider/enable_output_cmp_eq0000)
     LUT2:I1->O           25   0.704   1.260  divider/sys_tick_count_or00001 (divider/sys_tick_count_or0000)
     FDR:R                     0.911          divider/sys_tick_count_0
    ----------------------------------------
    Total                      6.477ns (4.069ns logic, 2.408ns route)
                                       (62.8% logic, 37.2% route)

=========================================================================
Timing constraint: Default OFFSET IN BEFORE for Clock 'clk'
  Total number of paths / destination ports: 96 / 57
-------------------------------------------------------------------------
Offset:              4.545ns (Levels of Logic = 2)
  Source:            walkRequest (PAD)
  Destination:       debouncer/walkRequest_debouncer/count_18 (FF)
  Destination Clock: clk rising

  Data Path: walkRequest to debouncer/walkRequest_debouncer/count_18
                                Gate     Net
    Cell:in->out      fanout   Delay   Delay  Logical Name (Net Name)
    ----------------------------------------  ------------
     IBUF:I->O             3   1.218   0.610  walkRequest_IBUF (walkRequest_IBUF)
     LUT2:I1->O           20   0.704   1.102  debouncer/walkRequest_debouncer/count_or00001 (debouncer/walkRequest_debouncer/count_or0000)
     FDRE:R                    0.911          debouncer/walkRequest_debouncer/count_0
    ----------------------------------------
    Total                      4.545ns (2.833ns logic, 1.712ns route)
                                       (62.3% logic, 37.7% route)

=========================================================================
Timing constraint: Default OFFSET OUT AFTER for Clock 'clk'
  Total number of paths / destination ports: 1 / 1
-------------------------------------------------------------------------
Offset:              4.283ns (Levels of Logic = 1)
  Source:            fsm/light_signals_0 (FF)
  Destination:       W (PAD)
  Source Clock:      clk rising

  Data Path: fsm/light_signals_0 to W
                                Gate     Net
    Cell:in->out      fanout   Delay   Delay  Logical Name (Net Name)
    ----------------------------------------  ------------
     FDE:C->Q              1   0.591   0.420  fsm/light_signals_0 (fsm/light_signals_0)
     OBUF:I->O                 3.272          W_OBUF (W)
    ----------------------------------------
    Total                      4.283ns (3.863ns logic, 0.420ns route)
                                       (90.2% logic, 9.8% route)

=========================================================================


Total REAL time to Xst completion: 7.00 secs
Total CPU time to Xst completion: 6.63 secs
 
--> 

Total memory usage is 297984 kilobytes

Number of errors   :    0 (   0 filtered)
Number of warnings :   45 (   0 filtered)
Number of infos    :    0 (   0 filtered)

